Símbolo         Valor Decimal   Valor Hexadecimal
-------         -------------   -----------------
_KERNEL                     0                   0
_VETTAB                   256                 100
_RESET                    512                 200
_APP                    32768                8000
_IOAREA16               65408                FF80
_IOAREA08               65472                FFC0
IVET                    65470                FFBE
TIMDT                   65495                FFD7
INTS                    65496                FFD8
INTE                    65497                FFD9
TECST                   65498                FFDA
TECDT                   65499                FFDB
VISOR                   65500                FFDC
CLEARVISOR                600                 258
CLEAR_VISOR_LOOP          608                 260
CLEAR_ESQ                 622                 26E
CLEAR_ESQ_LOOP            632                 278
CLEAR_DIR                 646                 286
CLEAR_DIR_LOOP            650                 28A
FIM_CLEAR                 662                 296
ISR                       663                 297
CONFERE_TECLADO           675                 2A3
CONFERE_TIMER             695                 2B7
ISR3                      715                 2CB
PONTE_ISRTEC1             728                 2D8
ISRTEC                    732                 2DC
ISRTEC_2                  750                 2EE
CONTINUA                  774                 306
DEC_INDEX                 816                 330
CONTINUA_1                822                 336
CONTINUA_2                848                 350
ISRTEC1                   888                 378
ISRTIM                    889                 379
FIM_ISRTIM                899                 383
KBHIT                     900                 384
FIM_KBHIT                 910                 38E
GETCHAR                   911                 38F
ERRO_PUTCHAR2             928                 3A0
PUTCHAR                   932                 3A4
BACKSPACE                 940                 3AC
CARRIAGE_RETURN           962                 3C2
LINE_FEED                 976                 3D0
FORM_FEED                 992                 3E0
CHAR_DE_CONTROLE         1008                 3F0
TRATA_CHAR               1020                 3FC
COLOCA_AREA_ESQ          1032                 408
COLOCA_AREA_DIR          1058                 422
ERRO_PUTCHAR             1084                 43C
DEU_CERTO_PUTCHAR        1090                 442
FIM_PUTCHAR              1092                 444
PUTMSG                   1095                 447
PUTMSG_ESQ_TST           1109                 455
PUTMSG_ESQ               1117                 45D
PUTMSG_DIR               1133                 46D
DEVOLVE_REGS_PUTMSG      1151                 47F
ERRO_PUTMSG              1159                 487
FIM_PUTMSG               1163                 48B
STARTLINE                1164                 48C
ERRO_STARTLINE           1228                 4CC
FIM_STARTLINE            1232                 4D0
GETLINE                  1233                 4D1
CMP_R5_1                 1253                 4E5
CMP_R5_2                 1269                 4F5
CONTINUA_CMP_R5_2        1285                 505
CMP_R5_3                 1291                 50B
CMP_R5_4                 1309                 51D
ERRO_GETLINE             1327                 52F
FIM_GETLINE              1331                 533
BUFFER_INT               1332                 534
CURSOR                   1334                 536
FLAG_STARTLINE           1336                 538
LIMITE_AREA_ESQUERDA       24                  18
FIRST_STARTLINE          1338                 53A
TIMER_STARTLINE          1340                 53C
INDEX_STARTLINE          1342                 53E
BUFF_STARTLINE           1344                 540
MAX_STARTLINE            1346                 542
